2025-06-25 07:02:00 | DEBUG | repo=pv243-2015-infinispan-seminar | action=commit
2025-06-04 18:10:00 | WARN | repo=pv243-2015-infinispan-seminar | action=commit
2025-11-21 20:45:00 | DEBUG | repo=pv243-2015-infinispan-seminar | action=commit
2025-06-17 16:03:00 | DEBUG | repo=pv243-2015-infinispan-seminar | action=commit
2025-02-06 20:04:00 | DEBUG | repo=pv243-2015-infinispan-seminar | action=commit
2025-09-20 14:31:00 | INFO | repo=pv243-2015-infinispan-seminar | action=commit
2025-08-19 20:40:00 | DEBUG | repo=pv243-2015-infinispan-seminar | action=commit
2025-06-01 13:07:00 | WARN | repo=pv243-2015-infinispan-seminar | action=commit
2025-11-08 10:24:00 | WARN | repo=pv243-2015-infinispan-seminar | action=commit
2025-12-25 14:47:00 | INFO | repo=pv243-2015-infinispan-seminar | action=commit
2025-05-07 08:47:00 | DEBUG | repo=pv243-2015-infinispan-seminar | action=test | passed=true
2025-06-09 12:43:00 | WARN | repo=pv243-2015-infinispan-seminar | action=pull
2025-12-05 10:46:00 | INFO | repo=pv243-2015-infinispan-seminar | action=commit
2025-01-25 13:25:00 | INFO | repo=pv243-2015-infinispan-seminar | action=commit
2025-12-17 15:52:00 | INFO | repo=pv243-2015-infinispan-seminar | action=commit
2025-01-01 19:21:00 | WARN | repo=pv243-2015-infinispan-seminar | action=commit
2025-10-15 14:28:00 | DEBUG | repo=pv243-2015-infinispan-seminar | action=commit
2025-11-09 07:24:00 | WARN | repo=pv243-2015-infinispan-seminar | action=edit | files=1
2025-10-19 12:14:00 | WARN | repo=pv243-2015-infinispan-seminar | action=commit
2025-07-27 15:32:00 | INFO | repo=pv243-2015-infinispan-seminar | action=commit
2025-05-21 15:19:00 | DEBUG | repo=pv243-2015-infinispan-seminar | action=commit
2025-05-23 19:46:00 | INFO | repo=pv243-2015-infinispan-seminar | action=commit
2025-04-02 08:15:00 | DEBUG | repo=pv243-2015-infinispan-seminar | action=commit
2025-09-20 08:14:00 | DEBUG | repo=pv243-2015-infinispan-seminar | action=commit
2025-01-19 07:46:00 | DEBUG | repo=pv243-2015-infinispan-seminar | action=commit
2025-09-13 16:02:00 | WARN | repo=pv243-2015-infinispan-seminar | action=commit
2025-05-03 12:31:00 | DEBUG | repo=pv243-2015-infinispan-seminar | action=commit
2025-06-16 08:12:00 | INFO | repo=pv243-2015-infinispan-seminar | action=commit
2025-09-05 13:15:00 | DEBUG | repo=pv243-2015-infinispan-seminar | action=commit
2025-06-26 09:21:00 | WARN | repo=pv243-2015-infinispan-seminar | action=commit
2025-10-04 14:20:00 | DEBUG | repo=pv243-2015-infinispan-seminar | action=commit
2025-08-11 15:15:00 | WARN | repo=pv243-2015-infinispan-seminar | action=pull
2025-09-12 15:54:00 | INFO | repo=pv243-2015-infinispan-seminar | action=test | passed=true
2025-08-28 15:25:00 | WARN | repo=pv243-2015-infinispan-seminar | action=commit
2025-05-06 16:49:00 | WARN | repo=pv243-2015-infinispan-seminar | action=commit
2025-12-23 09:13:00 | DEBUG | repo=pv243-2015-infinispan-seminar | action=commit
2025-08-06 16:26:00 | INFO | repo=pv243-2015-infinispan-seminar | action=edit | files=2
2025-12-19 14:45:00 | WARN | repo=pv243-2015-infinispan-seminar | action=commit
2025-04-03 19:58:00 | WARN | repo=pv243-2015-infinispan-seminar | action=commit
2025-08-28 20:46:00 | WARN | repo=pv243-2015-infinispan-seminar | action=edit | files=4
2025-11-19 21:55:00 | DEBUG | repo=pv243-2015-infinispan-seminar | action=commit
2025-05-08 19:36:00 | DEBUG | repo=pv243-2015-infinispan-seminar | action=commit
2025-03-28 19:31:00 | WARN | repo=pv243-2015-infinispan-seminar | action=commit
2025-07-09 08:05:00 | INFO | repo=pv243-2015-infinispan-seminar | action=test | passed=true
2025-10-05 12:59:00 | WARN | repo=pv243-2015-infinispan-seminar | action=edit | files=1
2025-03-10 17:23:00 | WARN | repo=pv243-2015-infinispan-seminar | action=test | passed=true
2025-04-10 19:06:00 | WARN | repo=pv243-2015-infinispan-seminar | action=commit
2025-07-20 08:29:00 | INFO | repo=pv243-2015-infinispan-seminar | action=commit
2025-12-07 12:13:00 | WARN | repo=pv243-2015-infinispan-seminar | action=commit
2025-10-25 12:00:00 | INFO | repo=pv243-2015-infinispan-seminar | action=commit
2025-06-17 21:10:00 | DEBUG | repo=pv243-2015-infinispan-seminar | action=commit
2025-04-19 12:46:00 | INFO | repo=pv243-2015-infinispan-seminar | action=commit
2025-10-10 18:10:00 | WARN | repo=pv243-2015-infinispan-seminar | action=commit
2025-12-15 08:55:00 | WARN | repo=pv243-2015-infinispan-seminar | action=commit
2025-09-05 07:20:00 | INFO | repo=pv243-2015-infinispan-seminar | action=commit
2025-11-17 14:30:00 | WARN | repo=pv243-2015-infinispan-seminar | action=commit
2025-06-14 07:15:00 | DEBUG | repo=pv243-2015-infinispan-seminar | action=commit
2025-04-12 20:22:00 | DEBUG | repo=pv243-2015-infinispan-seminar | action=commit
2025-10-06 19:30:00 | INFO | repo=pv243-2015-infinispan-seminar | action=commit
2025-07-08 19:18:00 | INFO | repo=pv243-2015-infinispan-seminar | action=test | passed=true
2025-02-09 08:47:00 | INFO | repo=pv243-2015-infinispan-seminar | action=pull
2025-05-07 21:14:00 | INFO | repo=pv243-2015-infinispan-seminar | action=pull
2025-03-27 18:58:00 | WARN | repo=pv243-2015-infinispan-seminar | action=commit
2025-11-15 08:50:00 | DEBUG | repo=pv243-2015-infinispan-seminar | action=commit
2025-07-08 09:33:00 | DEBUG | repo=pv243-2015-infinispan-seminar | action=commit
2025-03-07 11:52:00 | WARN | repo=pv243-2015-infinispan-seminar | action=commit
2025-06-04 07:32:00 | WARN | repo=pv243-2015-infinispan-seminar | action=commit
2025-09-22 07:18:00 | DEBUG | repo=pv243-2015-infinispan-seminar | action=commit
2025-03-09 21:53:00 | DEBUG | repo=pv243-2015-infinispan-seminar | action=commit
2025-08-26 14:36:00 | INFO | repo=pv243-2015-infinispan-seminar | action=commit
2025-10-28 18:32:00 | WARN | repo=pv243-2015-infinispan-seminar | action=commit
2025-11-07 21:54:00 | INFO | repo=pv243-2015-infinispan-seminar | action=commit
2025-05-08 07:12:00 | DEBUG | repo=pv243-2015-infinispan-seminar | action=commit
2025-04-01 07:32:00 | DEBUG | repo=pv243-2015-infinispan-seminar | action=edit | files=5
2025-03-09 21:40:00 | WARN | repo=pv243-2015-infinispan-seminar | action=commit
2025-09-28 12:57:00 | DEBUG | repo=pv243-2015-infinispan-seminar | action=commit
2025-06-10 19:34:00 | INFO | repo=pv243-2015-infinispan-seminar | action=commit
2025-01-23 21:03:00 | INFO | repo=pv243-2015-infinispan-seminar | action=commit
2025-06-12 11:28:00 | DEBUG | repo=pv243-2015-infinispan-seminar | action=commit
2025-05-21 21:05:00 | DEBUG | repo=pv243-2015-infinispan-seminar | action=commit
2025-02-12 07:54:00 | INFO | repo=pv243-2015-infinispan-seminar | action=commit
2025-01-08 19:04:00 | INFO | repo=pv243-2015-infinispan-seminar | action=commit
2025-09-18 09:27:00 | WARN | repo=pv243-2015-infinispan-seminar | action=pull
2025-02-28 20:23:00 | WARN | repo=pv243-2015-infinispan-seminar | action=pull
2025-05-26 20:27:00 | INFO | repo=pv243-2015-infinispan-seminar | action=commit
2025-01-02 07:50:00 | DEBUG | repo=pv243-2015-infinispan-seminar | action=edit | files=3
2025-12-12 07:11:00 | WARN | repo=pv243-2015-infinispan-seminar | action=edit | files=1
2025-10-20 07:59:00 | DEBUG | repo=pv243-2015-infinispan-seminar | action=commit
2025-03-27 13:50:00 | WARN | repo=pv243-2015-infinispan-seminar | action=test | passed=true
2025-03-16 16:49:00 | INFO | repo=pv243-2015-infinispan-seminar | action=commit
2025-03-13 18:29:00 | INFO | repo=pv243-2015-infinispan-seminar | action=commit
2025-08-21 10:04:00 | INFO | repo=pv243-2015-infinispan-seminar | action=commit
2025-09-12 12:57:00 | WARN | repo=pv243-2015-infinispan-seminar | action=commit
2025-01-26 18:34:00 | WARN | repo=pv243-2015-infinispan-seminar | action=commit
2025-12-13 14:57:00 | INFO | repo=pv243-2015-infinispan-seminar | action=pull
2025-11-27 12:05:00 | WARN | repo=pv243-2015-infinispan-seminar | action=commit
2025-08-04 07:28:00 | WARN | repo=pv243-2015-infinispan-seminar | action=commit
2025-10-18 07:39:00 | WARN | repo=pv243-2015-infinispan-seminar | action=commit
2025-02-15 12:39:00 | DEBUG | repo=pv243-2015-infinispan-seminar | action=commit
2025-03-06 20:53:00 | WARN | repo=pv243-2015-infinispan-seminar | action=test | passed=true
2025-12-23 15:19:00 | INFO | repo=pv243-2015-infinispan-seminar | action=commit
2025-08-07 09:43:00 | DEBUG | repo=pv243-2015-infinispan-seminar | action=commit
2025-04-05 21:09:00 | INFO | repo=pv243-2015-infinispan-seminar | action=commit
2025-01-27 14:48:00 | INFO | repo=pv243-2015-infinispan-seminar | action=commit
2025-07-18 07:31:00 | DEBUG | repo=pv243-2015-infinispan-seminar | action=commit
2025-06-18 18:32:00 | INFO | repo=pv243-2015-infinispan-seminar | action=commit
2025-10-20 11:14:00 | DEBUG | repo=pv243-2015-infinispan-seminar | action=commit
2025-05-12 09:32:00 | WARN | repo=pv243-2015-infinispan-seminar | action=commit
2025-01-26 18:04:00 | WARN | repo=pv243-2015-infinispan-seminar | action=commit
2025-08-22 21:24:00 | WARN | repo=pv243-2015-infinispan-seminar | action=test | passed=true
2025-03-02 16:41:00 | DEBUG | repo=pv243-2015-infinispan-seminar | action=commit
2025-02-21 17:24:00 | DEBUG | repo=pv243-2015-infinispan-seminar | action=commit
2025-11-15 20:55:00 | DEBUG | repo=pv243-2015-infinispan-seminar | action=commit
2025-07-25 17:42:00 | INFO | repo=pv243-2015-infinispan-seminar | action=commit
2025-09-10 18:38:00 | INFO | repo=pv243-2015-infinispan-seminar | action=commit
